-------------------------------------------------------------------------------------------------------------------------------------------------
      name:  <unnamed>
       log:  C:\\Users\\hermesf\\Projects\\Intragroup\\quarter_end.log
  log type:  text
 opened on:   9 Sep 2026, 12:30:39

. 
. *** QUARTER END
. *** Supply shifter. The euro area entity's leverage ratio is measured on the
. *** last day of the quarter, so its balance sheet is dear around the last
. *** business day of March, June and September while hedge fund demand for a
. *** specific bond is not. Event window in business days around the quarter
. *** end. Day 0 is the last business day, negative days before, days 1 to 3
. *** the first business days of the next quarter, days -19 to -5 are the
. *** reference. December is excluded, year end is a common shock. Price is
. *** the wedge, quantity is the entity's chain volume across bonds relative
. *** to its own reference window. Input is Data\wedge_eur.csv, paper
. *** direction only.
. 
. clear all

. 
. * Import the data
. import delimited "C:\\Users\\hermesf\\Projects\\Intragroup\\Data\\wedge_eur.csv", clear
(encoding automatically selected: ISO-8859-2)
(34 vars, 2,943,238 obs)

. 
. keep if chain_intra_to_ccp > 0
(2,352,819 observations deleted)

. rename chain_intra_to_ccp chain

. rename wedge_intra_to_ccp wedge

. drop if abs(wedge) > 100
(23,478 observations deleted)

. 
. * Date and panel ids
. gen date = date(business_date, "YMD")

. format date %td

. gen quarter = qofd(date)

. encode security_isin, gen(bond)

. egen ent_bond = group(entity_id security_isin tenor)

. 
. * Business day index from the dates in the data
. preserve

. keep date

. duplicates drop

Duplicates in terms of all variables

(565,915 observations deleted)

. sort date

. gen bday = _n

. tempfile bdays

. save `bdays'
file C:\Users\hermesf\AppData\Local\Temp\ST_6b70_000002.tmp saved as .dta format

. restore

. merge m:1 date using `bdays', nogenerate

    Result                      Number of obs
    -----------------------------------------
    Not matched                             0
    Matched                           566,941  
    -----------------------------------------

. 
. * Days to the quarter end and the event each day belongs to
. bysort quarter: egen last_q = max(date)

. bysort quarter: egen qe_bday = max(cond(date == last_q & day(date) >= 28 & month(date) != 12, bday, .))
(134,239 missing values generated)

. bysort quarter: egen first_bday = min(bday)

. gen k = bday - qe_bday
(134,239 missing values generated)

. replace k = bday - first_bday + 1 if bday - first_bday <= 2 & inlist(month(dofq(quarter)), 4, 7, 10) & quarter > qofd(mdy(7, 4, 2021))
(19,074 real changes made)

. keep if k >= -19 & k <= 3
(406,978 observations deleted)

. gen event = quarter

. replace event = quarter - 1 if k > 0
(19,074 real changes made)

. 
. * Event dummies, reference is days -19 to -5
. foreach j in 4 3 2 1 {
  2.     gen d_m`j' = k == -`j'
  3. }

. gen d_0 = k == 0

. foreach j in 1 2 3 {
  2.     gen d_p`j' = k == `j'
  3. }

. 
. * Date table for the quantity panel
. preserve

. keep date k event d_*

. duplicates drop

Duplicates in terms of all variables

(159,689 observations deleted)

. tempfile dk

. save `dk'
file C:\Users\hermesf\AppData\Local\Temp\ST_6b70_000004.tmp saved as .dta format

. restore

. 
. 
. *** PRICE
. *** Wedge by day to the quarter end, within entity-bond-tenor and event,
. *** weighted by matched volume. Basis points. Last three days averaged below.
. 
. reghdfe wedge d_m4 d_m3 d_m2 d_m1 d_0 d_p1 d_p2 d_p3 [aw = chain], absorb(ent_bond event) vce(cluster date)
(dropped 508 singleton observations)
(MWFE estimator converged in 9 iterations)

HDFE Linear regression                            Number of obs   =    159,455
Absorbing 2 HDFE groups                           F(   8,    273) =       1.39
Statistics robust to heteroskedasticity           Prob > F        =     0.2024
                                                  R-squared       =     0.2631
                                                  Adj R-squared   =     0.2424
                                                  Within R-sq.    =     0.0181
Number of clusters (date)    =        274         Root MSE        =    10.9592

                                 (Std. err. adjusted for 274 clusters in date)
------------------------------------------------------------------------------
             |               Robust
       wedge | Coefficient  std. err.      t    P>|t|     [95% conf. interval]
-------------+----------------------------------------------------------------
        d_m4 |    .456542   .5406618     0.84   0.399    -.6078544    1.520938
        d_m3 |    .275904   .5994921     0.46   0.646     -.904311    1.456119
        d_m2 |   .5177976   .4836222     1.07   0.285    -.4343055    1.469901
        d_m1 |  -.0748555   .5975565    -0.13   0.900     -1.25126    1.101549
         d_0 |  -5.147633   3.155112    -1.63   0.104    -11.35908     1.06381
        d_p1 |  -.3852347   1.144875    -0.34   0.737     -2.63914    1.868671
        d_p2 |   5.351162   2.464014     2.17   0.031      .500279    10.20204
        d_p3 |   .7056275    .481766     1.46   0.144    -.2428212    1.654076
       _cons |   1.662244   .4029362     4.13   0.000     .8689873    2.455502
------------------------------------------------------------------------------

Absorbed degrees of freedom:
-----------------------------------------------------+
 Absorbed FE | Categories  - Redundant  = Num. Coefs |
-------------+---------------------------------------|
    ent_bond |      4332           0        4332     |
       event |        12           1          11     |
-----------------------------------------------------+

. lincom (d_m2 + d_m1 + d_0)/3

 ( 1)  .3333333*d_m2 + .3333333*d_m1 + .3333333*d_0 = 0

------------------------------------------------------------------------------
       wedge | Coefficient  Std. err.      t    P>|t|     [95% conf. interval]
-------------+----------------------------------------------------------------
         (1) |   -1.56823   1.152367    -1.36   0.175    -3.836886     .700425
------------------------------------------------------------------------------

. 
. 
. *** QUANTITY
. *** Daily chain volume of the euro area entity summed across bonds, zeros
. *** filled, divided by the entity's own mean over the reference days of the
. *** event. Coefficients are fractions of normal volume.
. 
. preserve

. collapse (sum) chain, by(entity_id date)

. fillin entity_id date

. replace chain = 0 if _fillin
(869 real changes made)

. bysort entity_id: egen first = min(cond(chain > 0, date, .))

. bysort entity_id: egen final = max(cond(chain > 0, date, .))

. keep if date >= first & date <= final
(345 observations deleted)

. merge m:1 date using `dk', nogenerate

    Result                      Number of obs
    -----------------------------------------
    Not matched                             0
    Matched                             3,491  
    -----------------------------------------

. bysort entity_id event: egen base = mean(cond(k <= -5, chain, .))
(9 missing values generated)

. gen chain_n = chain / base
(237 missing values generated)

. egen ent_event = group(entity_id event)

. 
. reghdfe chain_n d_m4 d_m3 d_m2 d_m1 d_0 d_p1 d_p2 d_p3, absorb(ent_event) vce(cluster date)
(MWFE estimator converged in 1 iterations)

HDFE Linear regression                            Number of obs   =      3,254
Absorbing 1 HDFE group                            F(   8,    273) =       2.07
Statistics robust to heteroskedasticity           Prob > F        =     0.0391
                                                  R-squared       =     0.2680
                                                  Adj R-squared   =     0.2324
                                                  Within R-sq.    =     0.0074
Number of clusters (date)    =        274         Root MSE        =   412.7197

                                 (Std. err. adjusted for 274 clusters in date)
------------------------------------------------------------------------------
             |               Robust
     chain_n | Coefficient  std. err.      t    P>|t|     [95% conf. interval]
-------------+----------------------------------------------------------------
        d_m4 |   .2403333   20.89442     0.01   0.991    -40.89433    41.37499
        d_m3 |   56.19152   36.48519     1.54   0.125    -15.63656    128.0196
        d_m2 |   32.61809   13.42774     2.43   0.016     6.183008    59.05317
        d_m1 |   39.58195   20.04067     1.98   0.049     .1280587    79.03585
         d_0 |   61.35125   41.35597     1.48   0.139     -20.0659    142.7684
        d_p1 |   76.44976   55.77092     1.37   0.172    -33.34597    186.2455
        d_p2 |   122.5147   101.1743     1.21   0.227    -76.66638    321.6957
        d_p3 |   94.94513   73.33451     1.29   0.197    -49.42792    239.3182
       _cons |   .9919972   5.275431     0.19   0.851      -9.3937    11.37769
------------------------------------------------------------------------------

Absorbed degrees of freedom:
-----------------------------------------------------+
 Absorbed FE | Categories  - Redundant  = Num. Coefs |
-------------+---------------------------------------|
   ent_event |       144           0         144     |
-----------------------------------------------------+

. lincom (d_m2 + d_m1 + d_0)/3

 ( 1)  .3333333*d_m2 + .3333333*d_m1 + .3333333*d_0 = 0

------------------------------------------------------------------------------
     chain_n | Coefficient  Std. err.      t    P>|t|     [95% conf. interval]
-------------+----------------------------------------------------------------
         (1) |    44.5171   16.54977     2.69   0.008     11.93571    77.09849
------------------------------------------------------------------------------

. restore

. 
. 
. 
. *** ===== OVERNIGHT (appended) =====
. *** Same code on the overnight sample, wedge_eur_on.csv, where the trades on
. *** the last day of the quarter are the ones priced over the quarter end.
. 
. import delimited "C:\\Users\\hermesf\\Projects\\Intragroup\\Data\\wedge_eur_on.csv", clear
(encoding automatically selected: ISO-8859-2)
(34 vars, 1,666,652 obs)

. 
. keep if chain_intra_to_ccp > 0
(1,308,580 observations deleted)

. rename chain_intra_to_ccp chain

. rename wedge_intra_to_ccp wedge

. drop if abs(wedge) > 100
(12,952 observations deleted)

. 
. gen date = date(business_date, "YMD")

. format date %td

. gen quarter = qofd(date)

. encode security_isin, gen(bond)

. egen ent_bond = group(entity_id security_isin tenor)

. 
. preserve

. keep date

. duplicates drop

Duplicates in terms of all variables

(344,200 observations deleted)

. sort date

. gen bday = _n

. tempfile bdays

. save `bdays'
file C:\Users\hermesf\AppData\Local\Temp\ST_6b70_000007.tmp saved as .dta format

. restore

. merge m:1 date using `bdays', nogenerate

    Result                      Number of obs
    -----------------------------------------
    Not matched                             0
    Matched                           345,120  
    -----------------------------------------

. 
. bysort quarter: egen last_q = max(date)

. bysort quarter: egen qe_bday = max(cond(date == last_q & day(date) >= 28 & month(date) != 12, bday, .))
(193,793 missing values generated)

. bysort quarter: egen first_bday = min(bday)

. gen k = bday - qe_bday
(193,793 missing values generated)

. replace k = bday - first_bday + 1 if bday - first_bday <= 2 & inlist(month(dofq(quarter)), 4, 7, 10) & quarter > qofd(mdy(7, 4, 2021))
(14,108 real changes made)

. keep if k >= -19 & k <= 3
(277,099 observations deleted)

. gen event = quarter

. replace event = quarter - 1 if k > 0
(14,108 real changes made)

. 
. foreach j in 4 3 2 1 {
  2.     gen d_m`j' = k == -`j'
  3. }

. gen d_0 = k == 0

. foreach j in 1 2 3 {
  2.     gen d_p`j' = k == `j'
  3. }

. 
. preserve

. keep date k event d_*

. duplicates drop

Duplicates in terms of all variables

(67,827 observations deleted)

. tempfile dk

. save `dk'
file C:\Users\hermesf\AppData\Local\Temp\ST_6b70_000009.tmp saved as .dta format

. restore

. 
. reghdfe wedge d_m4 d_m3 d_m2 d_m1 d_0 d_p1 d_p2 d_p3 [aw = chain], absorb(ent_bond event) vce(cluster date)
(dropped 436 singleton observations)
(MWFE estimator converged in 9 iterations)

HDFE Linear regression                            Number of obs   =     67,585
Absorbing 2 HDFE groups                           F(   8,    193) =       2.11
Statistics robust to heteroskedasticity           Prob > F        =     0.0364
                                                  R-squared       =     0.2609
                                                  Adj R-squared   =     0.2266
                                                  Within R-sq.    =     0.0680
Number of clusters (date)    =        194         Root MSE        =    10.2550

                                 (Std. err. adjusted for 194 clusters in date)
------------------------------------------------------------------------------
             |               Robust
       wedge | Coefficient  std. err.      t    P>|t|     [95% conf. interval]
-------------+----------------------------------------------------------------
        d_m4 |  -.8150501   .9274894    -0.88   0.381    -2.644367    1.014267
        d_m3 |  -1.091416   .9768993    -1.12   0.265    -3.018186     .835353
        d_m2 |  -.6931185   .8040288    -0.86   0.390     -2.27893     .892693
        d_m1 |  -2.112725   .9796873    -2.16   0.032    -4.044994   -.1804571
         d_0 |    -12.233   6.216351    -1.97   0.051    -24.49371    .0277039
        d_p1 |  -1.012439   1.900199    -0.53   0.595    -4.760262    2.735385
        d_p2 |    6.81338   3.477291     1.96   0.052    -.0449903    13.67175
        d_p3 |   1.420285   1.282243     1.11   0.269    -1.108724    3.949294
       _cons |   2.423576   .7438207     3.26   0.001     .9565149    3.890637
------------------------------------------------------------------------------

Absorbed degrees of freedom:
-----------------------------------------------------+
 Absorbed FE | Categories  - Redundant  = Num. Coefs |
-------------+---------------------------------------|
    ent_bond |      2978           0        2978     |
       event |        12           1          11     |
-----------------------------------------------------+

. lincom (d_m2 + d_m1 + d_0)/3

 ( 1)  .3333333*d_m2 + .3333333*d_m1 + .3333333*d_0 = 0

------------------------------------------------------------------------------
       wedge | Coefficient  Std. err.      t    P>|t|     [95% conf. interval]
-------------+----------------------------------------------------------------
         (1) |  -5.012949   2.218977    -2.26   0.025    -9.389508   -.6363893
------------------------------------------------------------------------------

. 
. preserve

. collapse (sum) chain, by(entity_id date)

. fillin entity_id date

. replace chain = 0 if _fillin
(1,348 real changes made)

. bysort entity_id: egen first = min(cond(chain > 0, date, .))

. bysort entity_id: egen final = max(cond(chain > 0, date, .))

. keep if date >= first & date <= final
(861 observations deleted)

. merge m:1 date using `dk', nogenerate

    Result                      Number of obs
    -----------------------------------------
    Not matched                             0
    Matched                             1,855  
    -----------------------------------------

. bysort entity_id event: egen base = mean(cond(k <= -5, chain, .))
(137 missing values generated)

. gen chain_n = chain / base
(298 missing values generated)

. egen ent_event = group(entity_id event)

. 
. reghdfe chain_n d_m4 d_m3 d_m2 d_m1 d_0 d_p1 d_p2 d_p3, absorb(ent_event) vce(cluster date)
(dropped 1 singleton observations)
(MWFE estimator converged in 1 iterations)

HDFE Linear regression                            Number of obs   =      1,556
Absorbing 1 HDFE group                            F(   8,    181) =       2.05
Statistics robust to heteroskedasticity           Prob > F        =     0.0434
                                                  R-squared       =     0.2760
                                                  Adj R-squared   =     0.2383
                                                  Within R-sq.    =     0.0162
Number of clusters (date)    =        182         Root MSE        =   578.0377

                                 (Std. err. adjusted for 182 clusters in date)
------------------------------------------------------------------------------
             |               Robust
     chain_n | Coefficient  std. err.      t    P>|t|     [95% conf. interval]
-------------+----------------------------------------------------------------
        d_m4 |   .5685268   42.15532     0.01   0.989    -82.61054     83.7476
        d_m3 |   116.7619   76.42776     1.53   0.128    -34.04205    267.5659
        d_m2 |   68.03901   28.70483     2.37   0.019     11.39988    124.6781
        d_m1 |   83.23618   42.97534     1.94   0.054    -1.560917    168.0333
         d_0 |    131.437   87.73655     1.50   0.136    -41.68096     304.555
        d_p1 |   159.9793   119.0355     1.34   0.181     -74.8965    394.8551
        d_p2 |   263.0854   218.3136     1.21   0.230    -167.6816    693.8523
        d_p3 |   198.7853   154.3148     1.29   0.199    -105.7022    503.2727
       _cons |   1.182645   10.71607     0.11   0.912    -19.96184    22.32713
------------------------------------------------------------------------------

Absorbed degrees of freedom:
-----------------------------------------------------+
 Absorbed FE | Categories  - Redundant  = Num. Coefs |
-------------+---------------------------------------|
   ent_event |        70           0          70     |
-----------------------------------------------------+

. lincom (d_m2 + d_m1 + d_0)/3

 ( 1)  .3333333*d_m2 + .3333333*d_m1 + .3333333*d_0 = 0

------------------------------------------------------------------------------
     chain_n | Coefficient  Std. err.      t    P>|t|     [95% conf. interval]
-------------+----------------------------------------------------------------
         (1) |   94.23741   35.07746     2.69   0.008     25.02407    163.4507
------------------------------------------------------------------------------

. restore

. 
. 
. log close
      name:  <unnamed>
       log:  C:\\Users\\hermesf\\Projects\\Intragroup\\quarter_end.log
  log type:  text
 closed on:   9 Sep 2026, 12:31:23
-------------------------------------------------------------------------------------------------------------------------------------------------
